
> client@0.0.0 build
> tsc -b && vite build

src/components/FengShuiView.tsx(2,10): error TS6133: 'Wind' is declared but its value is never read.
src/components/NawalCard.tsx(3,15): error TS6133: 'Wind' is declared but its value is never read.
src/components/NawalCard.tsx(3,21): error TS6133: 'Mountain' is declared but its value is never read.
src/components/NawalCard.tsx(3,31): error TS6133: 'Droplets' is declared but its value is never read.
src/components/NawalCard.tsx(3,41): error TS6133: 'Flame' is declared but its value is never read.
src/components/NawalCard.tsx(3,48): error TS6133: 'Circle' is declared but its value is never read.
src/components/NawalCard.tsx(3,56): error TS6133: 'Zap' is declared but its value is never read.
src/components/NawalView.tsx(37,44): error TS2339: Property 'mayan' does not exist on type 'UserProfile'.
src/components/NawalView.tsx(63,28): error TS2339: Property 'mayan' does not exist on type 'UserProfile'.
src/components/PWAInstallButton.tsx(1,8): error TS6133: 'React' is declared but its value is never read.
src/components/SynastryModule.tsx(3,1): error TS6133: 'cn' is declared but its value is never read.
src/components/TarotAdvanced.tsx(3,1): error TS6133: 'cn' is declared but its value is never read.
src/components/TempleDashboard.tsx(2,10): error TS6133: 'Star' is declared but its value is never read.
src/components/TempleDashboard.tsx(2,16): error TS6133: 'Triangle' is declared but its value is never read.
src/components/TempleDashboard.tsx(2,56): error TS6133: 'Moon' is declared but its value is never read.
src/pages/Home.tsx(16,11): error TS6133: 'timeMode' is declared but its value is never read.
src/remotion/TempleAura.tsx(2,1): error TS6192: All imports in import declaration are unused.
src/remotion/TempleAura.tsx(3,8): error TS6133: 'React' is declared but its value is never read.
src/remotion/TempleAura.tsx(18,11): error TS6133: 'progress' is declared but its value is never read.
