Testing AstrologyAPI / Prokerala Connection...

--- Testing AstrologyAPI (https://json.astrologyapi.com/v1/western_chart_data) ---
Status: 405 Method Not Allowed
Response: {"status":false,"msg":"Your subscribed plan is not authorized to access this API. Kindly visit your dashboard."}

--- Testing Prokerala V2 (https://api.prokerala.com/v2/astrology/western-chart) ---
Status: 404 Not Found
Response: {"id":"057d0d5c-1420-4f8d-80a2-c7c8e4db78eb","status":"error","errors":[{"title":"Client Error","detail":"No route found for \u0022POST https:\/\/api.prokerala.com\/v2\/astrology\/western-chart\u0022"}]}

--- Testing AstrologyAPI Alt (https://json.astrologyapi.com/v1/western_horoscope) ---
Status: 200 OK
Response: {"errorType":"Error","errorMessage":"Cannot find module '../locale/*/msg'\nRequire stack:\n- /var/task/common/utils.js\n- /var/task/calc/western.js\n- /var/task/index.js\n- /var/runtime/index.mjs","trace":["Error: Cannot find module '../locale/*/msg'","Require stack:","- /var/task/common/utils.js","- /var/task/calc/western.js","- /var/task/index.js","- /var/runtime/index.mjs","    at Function.Module._resolveFilename (node:internal/modules/cjs/loader:1028:15)","    at Function.Module._load (node:
